2026-07-17 22:31:18 [INFO] ======================================
2026-07-17 22:31:18 [INFO] Starting Test Execution
2026-07-17 22:31:18 [INFO] Environment : qa
2026-07-17 22:31:18 [INFO] ======================================
2026-07-17 22:31:18 [INFO] Scenario Finished : Login with valid credentials
2026-07-17 22:31:18 [INFO] Status : FAILED
2026-07-17 22:31:18 [INFO] ======================================
2026-07-17 22:31:18 [INFO] Execution Completed
2026-07-17 22:31:18 [INFO] ======================================
2026-07-17 22:33:10 [INFO] ======================================
2026-07-17 22:33:10 [INFO] Starting Test Execution
2026-07-17 22:33:10 [INFO] Environment : qa
2026-07-17 22:33:10 [INFO] ======================================
2026-07-17 22:33:11 [INFO] Scenario Finished : Login with valid credentials
2026-07-17 22:33:11 [INFO] Status : FAILED
2026-07-17 22:33:11 [INFO] ======================================
2026-07-17 22:40:04 [INFO] ======================================
2026-07-17 22:40:04 [INFO] Starting Test Execution
2026-07-17 22:40:04 [INFO] Environment : qa
2026-07-17 22:40:04 [INFO] ======================================
2026-07-17 22:40:10 [INFO] Scenario Finished : Login with valid credentials
2026-07-17 22:40:10 [INFO] Status : FAILED
2026-07-17 22:40:10 [INFO] Browser Closed
2026-07-17 22:40:20 [INFO] ======================================
2026-07-17 22:40:20 [INFO] Execution Completed
2026-07-17 22:40:20 [INFO] ======================================
2026-07-17 22:49:40 [INFO] ======================================
2026-07-17 22:49:40 [INFO] Starting Test Execution
2026-07-17 22:49:40 [INFO] Environment : qa
2026-07-17 22:49:40 [INFO] ======================================
2026-07-17 22:49:45 [INFO] Scenario Finished : Login with valid credentials
2026-07-17 22:49:45 [INFO] Status : FAILED
2026-07-17 22:49:45 [INFO] Browser Closed
2026-07-17 22:49:45 [INFO] ======================================
2026-07-17 22:49:45 [INFO] Execution Completed
2026-07-17 22:49:45 [INFO] ======================================
2026-07-17 23:15:51 [INFO] ======================================
2026-07-17 23:15:51 [INFO] Starting Test Execution
2026-07-17 23:15:51 [INFO] Environment : qa
2026-07-17 23:15:51 [INFO] ======================================
2026-07-17 23:15:52 [INFO] Scenario Finished : Login with valid credentials
2026-07-17 23:15:52 [INFO] Status : FAILED
2026-07-17 23:15:52 [INFO] Browser Closed
2026-07-17 23:15:52 [INFO] ======================================
2026-07-17 23:15:52 [INFO] Execution Completed
2026-07-17 23:15:52 [INFO] ======================================
2026-07-17 23:31:11 [INFO] ======================================
2026-07-17 23:31:11 [INFO] Starting Test Execution
2026-07-17 23:31:11 [INFO] Environment : qa
2026-07-17 23:31:11 [INFO] ======================================
2026-07-17 23:31:14 [INFO] Scenario Finished : Login with valid credentials
2026-07-17 23:31:14 [INFO] Status : FAILED
2026-07-17 23:31:16 [INFO] Browser Closed
2026-07-17 23:31:16 [INFO] ======================================
2026-07-17 23:31:16 [INFO] Execution Completed
2026-07-17 23:31:16 [INFO] ======================================
2026-07-17 23:34:35 [INFO] ======================================
2026-07-17 23:34:35 [INFO] Starting Test Execution
2026-07-17 23:34:35 [INFO] Environment : qa
2026-07-17 23:34:35 [INFO] ======================================
2026-07-17 23:34:36 [INFO] ======================================
2026-07-17 23:34:36 [INFO] Scenario Started : Login with valid credentials
2026-07-17 23:34:36 [INFO] ======================================
2026-07-17 23:34:36 [INFO] Scenario Finished : Login with valid credentials
2026-07-17 23:34:36 [INFO] Status : FAILED
2026-07-17 23:34:37 [INFO] Browser Closed
2026-07-17 23:34:37 [INFO] ======================================
2026-07-17 23:34:37 [INFO] Execution Completed
2026-07-17 23:34:37 [INFO] ======================================
2026-07-17 23:41:41 [INFO] ======================================
2026-07-17 23:41:41 [INFO] Starting Test Execution
2026-07-17 23:41:41 [INFO] Environment : qa
2026-07-17 23:41:41 [INFO] ======================================
2026-07-17 23:41:44 [INFO] ======================================
2026-07-17 23:41:44 [INFO] Scenario Started : Login with valid credentials
2026-07-17 23:41:44 [INFO] ======================================
2026-07-17 23:41:44 [INFO] Scenario Finished : Login with valid credentials
2026-07-17 23:41:44 [INFO] Status : FAILED
2026-07-17 23:41:46 [INFO] Browser Closed
2026-07-17 23:41:46 [INFO] ======================================
2026-07-17 23:41:46 [INFO] Execution Completed
2026-07-17 23:41:46 [INFO] ======================================
2026-07-17 23:43:49 [INFO] ======================================
2026-07-17 23:43:49 [INFO] Starting Test Execution
2026-07-17 23:43:49 [INFO] Environment : qa
2026-07-17 23:43:49 [INFO] ======================================
2026-07-17 23:43:50 [INFO] ======================================
2026-07-17 23:43:50 [INFO] Scenario Started : Login with valid credentials
2026-07-17 23:43:50 [INFO] ======================================
2026-07-17 23:43:50 [INFO] Fill -> #username : undefined
2026-07-17 23:43:55 [INFO] Scenario Finished : Login with valid credentials
2026-07-17 23:43:55 [INFO] Status : FAILED
2026-07-17 23:43:56 [INFO] Browser Closed
2026-07-17 23:43:56 [INFO] ======================================
2026-07-17 23:43:56 [INFO] Execution Completed
2026-07-17 23:43:56 [INFO] ======================================
2026-07-17 23:48:15 [INFO] ======================================
2026-07-17 23:48:15 [INFO] Starting Test Execution
2026-07-17 23:48:15 [INFO] Environment : qa
2026-07-17 23:48:15 [INFO] ======================================
2026-07-17 23:48:16 [INFO] ======================================
2026-07-17 23:48:16 [INFO] Scenario Started : Login with valid credentials
2026-07-17 23:48:16 [INFO] ======================================
2026-07-17 23:48:16 [INFO] Scenario Finished : Login with valid credentials
2026-07-17 23:48:16 [INFO] Status : FAILED
2026-07-17 23:48:16 [INFO] Browser Closed
2026-07-17 23:48:16 [INFO] ======================================
2026-07-17 23:48:16 [INFO] Execution Completed
2026-07-17 23:48:16 [INFO] ======================================
2026-07-17 23:51:52 [INFO] ======================================
2026-07-17 23:51:52 [INFO] Starting Test Execution
2026-07-17 23:51:52 [INFO] Environment : qa
2026-07-17 23:51:52 [INFO] ======================================
2026-07-17 23:51:52 [INFO] ======================================
2026-07-17 23:51:52 [INFO] Scenario Started : Login with valid credentials
2026-07-17 23:51:52 [INFO] ======================================
2026-07-17 23:51:52 [INFO] Scenario Finished : Login with valid credentials
2026-07-17 23:51:52 [INFO] Status : FAILED
2026-07-17 23:51:53 [INFO] Browser Closed
2026-07-17 23:51:53 [INFO] ======================================
2026-07-17 23:51:53 [INFO] Execution Completed
2026-07-17 23:51:53 [INFO] ======================================
2026-07-17 23:53:58 [INFO] ======================================
2026-07-17 23:53:58 [INFO] Starting Test Execution
2026-07-17 23:53:58 [INFO] Environment : qa
2026-07-17 23:53:58 [INFO] ======================================
2026-07-17 23:53:59 [INFO] ======================================
2026-07-17 23:53:59 [INFO] Scenario Started : Login with valid credentials
2026-07-17 23:53:59 [INFO] ======================================
2026-07-17 23:53:59 [INFO] Scenario Finished : Login with valid credentials
2026-07-17 23:53:59 [INFO] Status : FAILED
2026-07-17 23:53:59 [INFO] Browser Closed
2026-07-17 23:53:59 [INFO] ======================================
2026-07-17 23:53:59 [INFO] Execution Completed
2026-07-17 23:53:59 [INFO] ======================================
2026-07-17 23:55:50 [INFO] ======================================
2026-07-17 23:55:50 [INFO] Starting Test Execution
2026-07-17 23:55:50 [INFO] Environment : qa
2026-07-17 23:55:50 [INFO] ======================================
2026-07-17 23:55:50 [INFO] ======================================
2026-07-17 23:55:50 [INFO] Scenario Started : Login with valid credentials
2026-07-17 23:55:50 [INFO] ======================================
2026-07-17 23:55:50 [INFO] Scenario Finished : Login with valid credentials
2026-07-17 23:55:50 [INFO] Status : FAILED
2026-07-17 23:55:50 [INFO] Browser Closed
2026-07-17 23:55:50 [INFO] ======================================
2026-07-17 23:55:50 [INFO] Execution Completed
2026-07-17 23:55:50 [INFO] ======================================
2026-07-17 23:59:39 [INFO] ======================================
2026-07-17 23:59:39 [INFO] Starting Test Execution
2026-07-17 23:59:39 [INFO] Environment : qa
2026-07-17 23:59:39 [INFO] ======================================
2026-07-17 23:59:40 [INFO] ======================================
2026-07-17 23:59:40 [INFO] Scenario Started : Login with valid credentials
2026-07-17 23:59:40 [INFO] ======================================
2026-07-17 23:59:40 [INFO] Scenario Finished : Login with valid credentials
2026-07-17 23:59:40 [INFO] Status : FAILED
2026-07-17 23:59:40 [INFO] Browser Closed
2026-07-17 23:59:40 [INFO] ======================================
2026-07-17 23:59:40 [INFO] Execution Completed
2026-07-17 23:59:40 [INFO] ======================================
