2026-07-16 02:06:18 [INFO] ======================================
2026-07-16 02:06:18 [INFO]  Playwright Enterprise Test Runner
2026-07-16 02:06:18 [INFO] ======================================
2026-07-16 02:06:18 [INFO] Environment : qa
2026-07-16 02:06:18 [INFO] Browser    : chromium
2026-07-16 02:06:18 [INFO] Parallel   : 4
2026-07-16 02:06:18 [INFO] Tag        : @Login
2026-07-16 02:06:18 [INFO] --------------------------------------
2026-07-16 02:06:18 [INFO] Command : npx cucumber-js --tags "@Login" --parallel 4
2026-07-16 02:06:18 [INFO] ======================================
2026-07-16 02:06:40 [INFO] ======================================
2026-07-16 02:06:40 [INFO]  Playwright Enterprise Test Runner
2026-07-16 02:06:40 [INFO] ======================================
2026-07-16 02:06:40 [INFO] Environment : qa
2026-07-16 02:06:40 [INFO] Browser    : chromium
2026-07-16 02:06:40 [INFO] Parallel   : 4
2026-07-16 02:06:40 [INFO] Tag        : @Login
2026-07-16 02:06:40 [INFO] --------------------------------------
2026-07-16 02:06:40 [INFO] Command : npx cucumber-js --tags "@Login" --parallel 4
2026-07-16 02:06:40 [INFO] ======================================
2026-07-16 02:13:00 [INFO] ======================================
2026-07-16 02:13:00 [INFO] ======================================
2026-07-16 02:13:00 [INFO] ======================================
2026-07-16 02:13:00 [INFO] Starting Test Execution
2026-07-16 02:13:00 [INFO] Environment : qa
2026-07-16 02:13:00 [INFO] ======================================
2026-07-16 02:13:00 [INFO] ======================================
2026-07-16 02:13:00 [INFO] Starting Test Execution
2026-07-16 02:13:00 [INFO] Environment : qa
2026-07-16 02:13:00 [INFO] ======================================
2026-07-16 02:13:00 [INFO] Starting Test Execution
2026-07-16 02:13:00 [INFO] Environment : qa
2026-07-16 02:13:00 [INFO] ======================================
2026-07-16 02:13:00 [INFO] Starting Test Execution
2026-07-16 02:13:00 [INFO] Environment : qa
2026-07-16 02:13:00 [INFO] ======================================
2026-07-16 02:13:00 [INFO] Scenario Finished : Login with valid credentials
2026-07-16 02:13:00 [INFO] Status : FAILED
2026-07-16 02:13:00 [INFO] Browser Closed
2026-07-16 02:13:00 [INFO] ======================================
2026-07-16 02:13:00 [INFO] ======================================
2026-07-16 02:13:00 [INFO] ======================================
2026-07-16 02:13:00 [INFO] ======================================
2026-07-16 02:13:00 [INFO] Execution Completed
2026-07-16 02:13:00 [INFO] ======================================
2026-07-16 02:13:00 [INFO] Execution Completed
2026-07-16 02:13:00 [INFO] ======================================
2026-07-16 02:13:00 [INFO] Execution Completed
2026-07-16 02:13:00 [INFO] ======================================
2026-07-16 02:13:00 [INFO] Execution Completed
2026-07-16 02:13:00 [INFO] ======================================
2026-07-16 02:16:59 [INFO] ======================================
2026-07-16 02:16:59 [INFO] ======================================
2026-07-16 02:16:59 [INFO] ======================================
2026-07-16 02:16:59 [INFO] Starting Test Execution
2026-07-16 02:16:59 [INFO] Environment : qa
2026-07-16 02:16:59 [INFO] ======================================
2026-07-16 02:16:59 [INFO] Starting Test Execution
2026-07-16 02:16:59 [INFO] Environment : qa
2026-07-16 02:16:59 [INFO] ======================================
2026-07-16 02:16:59 [INFO] Starting Test Execution
2026-07-16 02:16:59 [INFO] Environment : qa
2026-07-16 02:16:59 [INFO] ======================================
2026-07-16 02:16:59 [INFO] ======================================
2026-07-16 02:16:59 [INFO] Starting Test Execution
2026-07-16 02:16:59 [INFO] Environment : qa
2026-07-16 02:16:59 [INFO] ======================================
2026-07-16 02:16:59 [INFO] Scenario Finished : Login with valid credentials
2026-07-16 02:16:59 [INFO] Status : FAILED
2026-07-16 02:16:59 [INFO] Browser Closed
2026-07-16 02:16:59 [INFO] ======================================
2026-07-16 02:16:59 [INFO] ======================================
2026-07-16 02:16:59 [INFO] ======================================
2026-07-16 02:16:59 [INFO] ======================================
2026-07-16 02:16:59 [INFO] Execution Completed
2026-07-16 02:16:59 [INFO] Execution Completed
2026-07-16 02:16:59 [INFO] ======================================
2026-07-16 02:16:59 [INFO] ======================================
2026-07-16 02:16:59 [INFO] Execution Completed
2026-07-16 02:16:59 [INFO] ======================================
2026-07-16 02:16:59 [INFO] Execution Completed
2026-07-16 02:16:59 [INFO] ======================================
2026-07-16 02:25:16 [INFO] ======================================
2026-07-16 02:25:16 [INFO] ======================================
2026-07-16 02:25:16 [INFO] ======================================
2026-07-16 02:25:16 [INFO] Starting Test Execution
2026-07-16 02:25:16 [INFO] Environment : qa
2026-07-16 02:25:16 [INFO] ======================================
2026-07-16 02:25:16 [INFO] ======================================
2026-07-16 02:25:16 [INFO] Starting Test Execution
2026-07-16 02:25:16 [INFO] Environment : qa
2026-07-16 02:25:16 [INFO] ======================================
2026-07-16 02:25:16 [INFO] Starting Test Execution
2026-07-16 02:25:16 [INFO] Environment : qa
2026-07-16 02:25:16 [INFO] ======================================
2026-07-16 02:25:16 [INFO] Starting Test Execution
2026-07-16 02:25:16 [INFO] Environment : qa
2026-07-16 02:25:16 [INFO] ======================================
2026-07-16 02:25:16 [INFO] Scenario Finished : Login with valid credentials
2026-07-16 02:25:16 [INFO] Status : FAILED
2026-07-16 02:25:16 [INFO] ======================================
2026-07-16 02:25:16 [INFO] ======================================
2026-07-16 02:25:16 [INFO] ======================================
2026-07-16 02:25:16 [INFO] ======================================
2026-07-16 02:25:16 [INFO] Execution Completed
2026-07-16 02:25:16 [INFO] ======================================
2026-07-16 02:25:16 [INFO] Execution Completed
2026-07-16 02:25:16 [INFO] ======================================
2026-07-16 02:25:16 [INFO] Execution Completed
2026-07-16 02:25:16 [INFO] ======================================
2026-07-16 02:25:16 [INFO] Execution Completed
2026-07-16 02:25:16 [INFO] ======================================
2026-07-16 02:25:46 [INFO] ======================================
2026-07-16 02:25:46 [INFO] ======================================
2026-07-16 02:25:46 [INFO] ======================================
2026-07-16 02:25:46 [INFO] Starting Test Execution
2026-07-16 02:25:46 [INFO] Environment : qa
2026-07-16 02:25:46 [INFO] ======================================
2026-07-16 02:25:46 [INFO] Starting Test Execution
2026-07-16 02:25:46 [INFO] ======================================
2026-07-16 02:25:46 [INFO] Starting Test Execution
2026-07-16 02:25:46 [INFO] Environment : qa
2026-07-16 02:25:46 [INFO] Starting Test Execution
2026-07-16 02:25:46 [INFO] Environment : qa
2026-07-16 02:25:46 [INFO] ======================================
2026-07-16 02:25:46 [INFO] ======================================
2026-07-16 02:25:46 [INFO] Environment : qa
2026-07-16 02:25:46 [INFO] ======================================
2026-07-16 02:25:46 [INFO] Scenario Finished : Login with valid credentials
2026-07-16 02:25:46 [INFO] Status : FAILED
2026-07-16 02:25:46 [INFO] Browser Closed
2026-07-16 02:25:46 [INFO] ======================================
2026-07-16 02:25:46 [INFO] ======================================
2026-07-16 02:25:46 [INFO] ======================================
2026-07-16 02:25:46 [INFO] ======================================
2026-07-16 02:25:46 [INFO] Execution Completed
2026-07-16 02:25:46 [INFO] ======================================
2026-07-16 02:25:46 [INFO] Execution Completed
2026-07-16 02:25:46 [INFO] ======================================
2026-07-16 02:25:46 [INFO] Execution Completed
2026-07-16 02:25:46 [INFO] ======================================
2026-07-16 02:25:46 [INFO] Execution Completed
2026-07-16 02:25:46 [INFO] ======================================
