2026-07-18 00:04:18 [INFO] ======================================
2026-07-18 00:04:18 [INFO] Starting Test Execution
2026-07-18 00:04:18 [INFO] Environment : qa
2026-07-18 00:04:18 [INFO] ======================================
2026-07-18 00:04:19 [INFO] ======================================
2026-07-18 00:04:19 [INFO] Scenario Started : Login with valid credentials
2026-07-18 00:04:19 [INFO] ======================================
2026-07-18 00:04:19 [INFO] Scenario Finished : Login with valid credentials
2026-07-18 00:04:19 [INFO] Status : FAILED
2026-07-18 00:04:19 [INFO] Browser Closed
2026-07-18 00:04:19 [INFO] ======================================
2026-07-18 00:04:19 [INFO] Execution Completed
2026-07-18 00:04:19 [INFO] ======================================
2026-07-18 00:05:50 [INFO] ======================================
2026-07-18 00:05:50 [INFO] Starting Test Execution
2026-07-18 00:05:50 [INFO] Environment : qa
2026-07-18 00:05:50 [INFO] ======================================
2026-07-18 00:05:51 [INFO] ======================================
2026-07-18 00:05:51 [INFO] Scenario Started : Login with valid credentials
2026-07-18 00:05:51 [INFO] ======================================
2026-07-18 00:05:51 [INFO] Scenario Finished : Login with valid credentials
2026-07-18 00:05:51 [INFO] Status : FAILED
2026-07-18 00:05:52 [INFO] Browser Closed
2026-07-18 00:05:52 [INFO] ======================================
2026-07-18 00:05:52 [INFO] Execution Completed
2026-07-18 00:05:52 [INFO] ======================================
2026-07-18 00:09:24 [INFO] ======================================
2026-07-18 00:09:24 [INFO] Starting Test Execution
2026-07-18 00:09:24 [INFO] Environment : qa
2026-07-18 00:09:24 [INFO] ======================================
2026-07-18 00:09:25 [INFO] ======================================
2026-07-18 00:09:25 [INFO] Scenario Started : Login with valid credentials
2026-07-18 00:09:25 [INFO] ======================================
2026-07-18 00:09:25 [INFO] Scenario Finished : Login with valid credentials
2026-07-18 00:09:25 [INFO] Status : FAILED
2026-07-18 00:09:25 [INFO] Browser Closed
2026-07-18 00:09:25 [INFO] ======================================
2026-07-18 00:09:25 [INFO] Execution Completed
2026-07-18 00:09:25 [INFO] ======================================
2026-07-18 00:15:18 [INFO] ======================================
2026-07-18 00:15:18 [INFO] Starting Test Execution
2026-07-18 00:15:18 [INFO] Environment : qa
2026-07-18 00:15:18 [INFO] ======================================
2026-07-18 00:15:19 [INFO] ======================================
2026-07-18 00:15:19 [INFO] Scenario Started : Login with valid credentials
2026-07-18 00:15:19 [INFO] ======================================
2026-07-18 00:15:19 [INFO] Scenario Finished : Login with valid credentials
2026-07-18 00:15:19 [INFO] Status : FAILED
2026-07-18 00:15:19 [INFO] Browser Closed
2026-07-18 00:15:19 [INFO] ======================================
2026-07-18 00:15:19 [INFO] Execution Completed
2026-07-18 00:15:19 [INFO] ======================================
2026-07-18 00:16:56 [INFO] ======================================
2026-07-18 00:16:56 [INFO] Starting Test Execution
2026-07-18 00:16:56 [INFO] Environment : qa
2026-07-18 00:16:56 [INFO] ======================================
2026-07-18 00:16:57 [INFO] ======================================
2026-07-18 00:16:57 [INFO] Scenario Started : Login with valid credentials
2026-07-18 00:16:57 [INFO] ======================================
2026-07-18 00:16:57 [INFO] Scenario Finished : Login with valid credentials
2026-07-18 00:16:57 [INFO] Status : FAILED
2026-07-18 00:16:58 [INFO] Browser Closed
2026-07-18 00:16:58 [INFO] ======================================
2026-07-18 00:16:58 [INFO] Execution Completed
2026-07-18 00:16:58 [INFO] ======================================
2026-07-18 00:18:25 [INFO] ======================================
2026-07-18 00:18:25 [INFO] Starting Test Execution
2026-07-18 00:18:25 [INFO] Environment : qa
2026-07-18 00:18:25 [INFO] ======================================
2026-07-18 00:18:26 [INFO] ======================================
2026-07-18 00:18:26 [INFO] Scenario Started : Login with valid credentials
2026-07-18 00:18:26 [INFO] ======================================
2026-07-18 00:18:26 [INFO] Scenario Finished : Login with valid credentials
2026-07-18 00:18:26 [INFO] Status : FAILED
2026-07-18 00:18:27 [INFO] Browser Closed
2026-07-18 00:18:27 [INFO] ======================================
2026-07-18 00:18:27 [INFO] Execution Completed
2026-07-18 00:18:27 [INFO] ======================================
2026-07-18 00:19:49 [INFO] ======================================
2026-07-18 00:19:49 [INFO] Starting Test Execution
2026-07-18 00:19:49 [INFO] Environment : qa
2026-07-18 00:19:49 [INFO] ======================================
2026-07-18 00:19:50 [INFO] ======================================
2026-07-18 00:19:50 [INFO] Scenario Started : Login with valid credentials
2026-07-18 00:19:50 [INFO] ======================================
2026-07-18 00:19:50 [INFO] Scenario Finished : Login with valid credentials
2026-07-18 00:19:50 [INFO] Status : FAILED
2026-07-18 00:19:50 [INFO] Browser Closed
2026-07-18 00:19:50 [INFO] ======================================
2026-07-18 00:19:50 [INFO] Execution Completed
2026-07-18 00:19:50 [INFO] ======================================
2026-07-18 00:22:22 [INFO] ======================================
2026-07-18 00:22:22 [INFO] Starting Test Execution
2026-07-18 00:22:22 [INFO] Environment : qa
2026-07-18 00:22:22 [INFO] ======================================
2026-07-18 00:22:23 [INFO] ======================================
2026-07-18 00:22:23 [INFO] Scenario Started : Login with valid credentials
2026-07-18 00:22:23 [INFO] ======================================
2026-07-18 00:22:23 [INFO] Scenario Finished : Login with valid credentials
2026-07-18 00:22:23 [INFO] Status : FAILED
2026-07-18 00:22:23 [INFO] Browser Closed
2026-07-18 00:22:23 [INFO] ======================================
2026-07-18 00:22:23 [INFO] Execution Completed
2026-07-18 00:22:23 [INFO] ======================================
2026-07-18 00:28:46 [INFO] ======================================
2026-07-18 00:28:46 [INFO] Starting Test Execution
2026-07-18 00:28:46 [INFO] Environment : qa
2026-07-18 00:28:46 [INFO] ======================================
2026-07-18 00:28:47 [INFO] ======================================
2026-07-18 00:28:47 [INFO] Scenario Started : Login with valid credentials
2026-07-18 00:28:47 [INFO] ======================================
2026-07-18 00:28:47 [INFO] Scenario Finished : Login with valid credentials
2026-07-18 00:28:47 [INFO] Status : FAILED
2026-07-18 00:28:47 [INFO] Browser Closed
2026-07-18 00:28:47 [INFO] ======================================
2026-07-18 00:28:47 [INFO] Execution Completed
2026-07-18 00:28:47 [INFO] ======================================
2026-07-18 00:32:00 [INFO] ======================================
2026-07-18 00:32:00 [INFO] Starting Test Execution
2026-07-18 00:32:00 [INFO] Environment : qa
2026-07-18 00:32:00 [INFO] ======================================
2026-07-18 00:32:02 [INFO] ======================================
2026-07-18 00:32:02 [INFO] Scenario Started : Login with valid credentials
2026-07-18 00:32:02 [INFO] ======================================
2026-07-18 00:32:04 [INFO] Scenario Finished : Login with valid credentials
2026-07-18 00:32:04 [INFO] Status : FAILED
2026-07-18 00:32:04 [ERROR] Screenshot Captured : Login_with_valid_credentials.png
2026-07-18 00:32:04 [INFO] ======================================
2026-07-18 00:32:04 [INFO] Execution Completed
2026-07-18 00:32:04 [INFO] ======================================
2026-07-18 00:34:34 [INFO] ======================================
2026-07-18 00:34:34 [INFO] Starting Test Execution
2026-07-18 00:34:34 [INFO] Environment : qa
2026-07-18 00:34:34 [INFO] ======================================
2026-07-18 00:34:35 [INFO] ======================================
2026-07-18 00:34:35 [INFO] Scenario Started : Login with valid credentials
2026-07-18 00:34:35 [INFO] ======================================
2026-07-18 00:34:36 [INFO] Scenario Finished : Login with valid credentials
2026-07-18 00:34:36 [INFO] Status : FAILED
2026-07-18 00:34:37 [ERROR] Screenshot Captured : Login_with_valid_credentials.png
2026-07-18 00:34:37 [INFO] ======================================
2026-07-18 00:34:37 [INFO] Execution Completed
2026-07-18 00:34:37 [INFO] ======================================
2026-07-18 00:37:19 [INFO] ======================================
2026-07-18 00:37:19 [INFO] Starting Test Execution
2026-07-18 00:37:19 [INFO] Environment : qa
2026-07-18 00:37:19 [INFO] ======================================
2026-07-18 00:37:20 [INFO] ======================================
2026-07-18 00:37:20 [INFO] Scenario Started : Login with valid credentials
2026-07-18 00:37:20 [INFO] ======================================
2026-07-18 00:37:21 [INFO] Fill -> #username : sagesyntaxacademy
2026-07-18 00:37:21 [INFO] Fill -> #password : BuildingExcellence@111
2026-07-18 00:37:21 [INFO] Click -> button[type='submit']
2026-07-18 00:37:21 [INFO] Scenario Finished : Login with valid credentials
2026-07-18 00:37:21 [INFO] Status : FAILED
2026-07-18 00:37:22 [ERROR] Screenshot Captured : Login_with_valid_credentials.png
2026-07-18 00:37:22 [INFO] ======================================
2026-07-18 00:37:22 [INFO] Execution Completed
2026-07-18 00:37:22 [INFO] ======================================
2026-07-18 00:41:44 [INFO] ======================================
2026-07-18 00:41:44 [INFO] Starting Test Execution
2026-07-18 00:41:44 [INFO] Environment : qa
2026-07-18 00:41:44 [INFO] ======================================
2026-07-18 00:41:44 [INFO] ======================================
2026-07-18 00:41:44 [INFO] Scenario Started : title
2026-07-18 00:41:44 [INFO] ======================================
2026-07-18 00:41:46 [INFO] Scenario Finished : title
2026-07-18 00:41:46 [INFO] Status : UNDEFINED
2026-07-18 00:41:46 [INFO] ======================================
2026-07-18 00:41:46 [INFO] Execution Completed
2026-07-18 00:41:46 [INFO] ======================================
2026-07-18 00:43:26 [INFO] ======================================
2026-07-18 00:43:26 [INFO] Starting Test Execution
2026-07-18 00:43:26 [INFO] Environment : qa
2026-07-18 00:43:26 [INFO] ======================================
2026-07-18 00:43:27 [INFO] ======================================
2026-07-18 00:43:27 [INFO] Scenario Started : title
2026-07-18 00:43:27 [INFO] ======================================
2026-07-18 00:43:28 [INFO] Scenario Finished : title
2026-07-18 00:43:28 [INFO] Status : UNDEFINED
2026-07-18 00:43:28 [INFO] ======================================
2026-07-18 00:43:28 [INFO] Execution Completed
2026-07-18 00:43:28 [INFO] ======================================
2026-07-18 00:45:17 [INFO] ======================================
2026-07-18 00:45:17 [INFO] Starting Test Execution
2026-07-18 00:45:17 [INFO] Environment : qa
2026-07-18 00:45:17 [INFO] ======================================
2026-07-18 00:45:17 [INFO] ======================================
2026-07-18 00:45:17 [INFO] Scenario Started : title
2026-07-18 00:45:17 [INFO] ======================================
2026-07-18 00:45:18 [INFO] Scenario Finished : title
2026-07-18 00:45:18 [INFO] Status : FAILED
2026-07-18 00:45:19 [ERROR] Screenshot Captured : title.png
2026-07-18 00:45:19 [INFO] ======================================
2026-07-18 00:45:19 [INFO] Execution Completed
2026-07-18 00:45:19 [INFO] ======================================
2026-07-18 00:46:46 [INFO] ======================================
2026-07-18 00:46:46 [INFO] Starting Test Execution
2026-07-18 00:46:46 [INFO] Environment : qa
2026-07-18 00:46:46 [INFO] ======================================
2026-07-18 00:46:47 [INFO] ======================================
2026-07-18 00:46:47 [INFO] Scenario Started : title
2026-07-18 00:46:47 [INFO] ======================================
2026-07-18 00:46:48 [INFO] Scenario Finished : title
2026-07-18 00:46:48 [INFO] Status : FAILED
2026-07-18 00:46:48 [ERROR] Screenshot Captured : title.png
2026-07-18 00:47:43 [INFO] ======================================
2026-07-18 00:47:43 [INFO] Starting Test Execution
2026-07-18 00:47:43 [INFO] Environment : qa
2026-07-18 00:47:43 [INFO] ======================================
2026-07-18 00:47:43 [INFO] ======================================
2026-07-18 00:47:43 [INFO] Scenario Started : title
2026-07-18 00:47:43 [INFO] ======================================
2026-07-18 00:47:45 [INFO] Fill -> #username : sagesyntaxacademy
2026-07-18 00:47:45 [INFO] Fill -> #password : BuildingExcellence@111
2026-07-18 00:47:45 [INFO] Click -> button[type='submit']
2026-07-18 00:47:45 [INFO] Scenario Finished : title
2026-07-18 00:47:45 [INFO] Status : PASSED
2026-07-18 00:47:45 [INFO] ======================================
2026-07-18 00:47:45 [INFO] Execution Completed
2026-07-18 00:47:45 [INFO] ======================================
2026-07-18 00:49:49 [INFO] ======================================
2026-07-18 00:49:49 [INFO] Starting Test Execution
2026-07-18 00:49:49 [INFO] Environment : qa
2026-07-18 00:49:49 [INFO] ======================================
2026-07-18 00:49:49 [INFO] ======================================
2026-07-18 00:49:49 [INFO] Scenario Started : title
2026-07-18 00:49:49 [INFO] ======================================
2026-07-18 00:49:51 [INFO] Fill -> #username : sagesyntaxacademy
2026-07-18 00:49:51 [INFO] Fill -> #password : BuildingExcellence@111
2026-07-18 00:49:51 [INFO] Click -> button[type='submit']
2026-07-18 00:49:51 [INFO] Scenario Finished : title
2026-07-18 00:49:51 [INFO] Status : FAILED
2026-07-18 00:49:52 [ERROR] Screenshot Captured : title.png
2026-07-18 00:49:52 [INFO] ======================================
2026-07-18 00:49:52 [INFO] Execution Completed
2026-07-18 00:49:52 [INFO] ======================================
2026-07-18 00:51:03 [INFO] ======================================
2026-07-18 00:51:03 [INFO] Starting Test Execution
2026-07-18 00:51:03 [INFO] Environment : qa
2026-07-18 00:51:03 [INFO] ======================================
2026-07-18 00:51:03 [INFO] ======================================
2026-07-18 00:51:03 [INFO] Scenario Started : title
2026-07-18 00:51:03 [INFO] ======================================
2026-07-18 00:51:05 [INFO] Fill -> #username : sagesyntaxacademy
2026-07-18 00:51:05 [INFO] Fill -> #password : BuildingExcellence@111
2026-07-18 00:51:05 [INFO] Click -> button[type='submit']
2026-07-18 00:51:05 [INFO] Scenario Finished : title
2026-07-18 00:51:05 [INFO] Status : FAILED
2026-07-18 00:51:05 [ERROR] Screenshot Captured : title.png
2026-07-18 00:51:05 [INFO] ======================================
2026-07-18 00:51:05 [INFO] Execution Completed
2026-07-18 00:51:05 [INFO] ======================================
2026-07-18 00:53:42 [INFO] ======================================
2026-07-18 00:53:42 [INFO] Starting Test Execution
2026-07-18 00:53:42 [INFO] Environment : qa
2026-07-18 00:53:42 [INFO] ======================================
2026-07-18 00:53:42 [INFO] ======================================
2026-07-18 00:53:42 [INFO] Scenario Started : title
2026-07-18 00:53:42 [INFO] ======================================
2026-07-18 00:53:44 [INFO] Fill -> #username : sagesyntaxacademy
2026-07-18 00:53:44 [INFO] Fill -> #password : BuildingExcellence@111
2026-07-18 00:53:44 [INFO] Click -> button[type='submit']
2026-07-18 00:53:46 [INFO] Scenario Finished : title
2026-07-18 00:53:46 [INFO] Status : PASSED
2026-07-18 00:53:46 [INFO] ======================================
2026-07-18 00:53:46 [INFO] Execution Completed
2026-07-18 00:53:46 [INFO] ======================================
2026-07-18 00:58:08 [INFO] ======================================
2026-07-18 00:58:08 [INFO] Starting Test Execution
2026-07-18 00:58:08 [INFO] Environment : qa
2026-07-18 00:58:08 [INFO] ======================================
2026-07-18 00:58:09 [INFO] Trace Started
2026-07-18 00:58:09 [INFO] ======================================
2026-07-18 00:58:09 [INFO] Scenario Started : title
2026-07-18 00:58:09 [INFO] ======================================
2026-07-18 00:58:10 [INFO] Fill -> #username : sagesyntaxacademy
2026-07-18 00:58:10 [INFO] Fill -> #password : BuildingExcellence@111
2026-07-18 00:58:10 [INFO] Click -> button[type='submit']
2026-07-18 00:58:13 [INFO] Scenario Finished : title
2026-07-18 00:58:13 [INFO] Status : PASSED
2026-07-18 00:58:13 [INFO] Trace Saved
2026-07-18 00:58:13 [INFO] Browser Closed
2026-07-18 00:58:13 [INFO] ======================================
2026-07-18 00:58:13 [INFO] Execution Completed
2026-07-18 00:58:13 [INFO] ======================================
2026-07-18 00:58:05 [INFO] ======================================
2026-07-18 00:58:05 [INFO]  Playwright Enterprise Test Runner
2026-07-18 00:58:05 [INFO] ======================================
2026-07-18 00:58:05 [INFO] Environment : qa
2026-07-18 00:58:05 [INFO] Browser    : chromium
2026-07-18 00:58:05 [INFO] Parallel   : 1
2026-07-18 00:58:05 [INFO] Tag        : @Login
2026-07-18 00:58:05 [INFO] --------------------------------------
2026-07-18 00:58:05 [INFO] Command : npx cucumber-js --tags "@Login" --parallel 1
2026-07-18 00:58:05 [INFO] ======================================
2026-07-18 00:58:24 [INFO] ======================================
2026-07-18 00:58:24 [INFO] Starting Test Execution
2026-07-18 00:58:24 [INFO] Environment : qa
2026-07-18 00:58:24 [INFO] ======================================
2026-07-18 00:58:25 [INFO] Trace Started
2026-07-18 00:58:25 [INFO] ======================================
2026-07-18 00:58:25 [INFO] Scenario Started : title
2026-07-18 00:58:25 [INFO] ======================================
2026-07-18 00:58:26 [INFO] Fill -> #username : sagesyntaxacademy
2026-07-18 00:58:26 [INFO] Fill -> #password : BuildingExcellence@111
2026-07-18 00:58:26 [INFO] Click -> button[type='submit']
2026-07-18 00:58:29 [INFO] Scenario Finished : title
2026-07-18 00:58:29 [INFO] Status : PASSED
2026-07-18 00:58:29 [INFO] Trace Saved
2026-07-18 00:58:29 [INFO] Browser Closed
2026-07-18 00:58:29 [INFO] ======================================
2026-07-18 00:58:29 [INFO] Execution Completed
2026-07-18 00:58:29 [INFO] ======================================
2026-07-18 00:58:22 [INFO] ======================================
2026-07-18 00:58:22 [INFO]  Playwright Enterprise Test Runner
2026-07-18 00:58:22 [INFO] ======================================
2026-07-18 00:58:22 [INFO] Environment : qa
2026-07-18 00:58:22 [INFO] Browser    : chromium
2026-07-18 00:58:22 [INFO] Parallel   : 1
2026-07-18 00:58:22 [INFO] Tag        : @Login
2026-07-18 00:58:22 [INFO] --------------------------------------
2026-07-18 00:58:22 [INFO] Command : npx cucumber-js --tags "@Login" --parallel 1
2026-07-18 00:58:22 [INFO] ======================================
2026-07-18 00:59:00 [INFO] ======================================
2026-07-18 00:59:00 [INFO] Starting Test Execution
2026-07-18 00:59:00 [INFO] Environment : qa
2026-07-18 00:59:00 [INFO] ======================================
2026-07-18 00:59:01 [INFO] Trace Started
2026-07-18 00:59:01 [INFO] ======================================
2026-07-18 00:59:01 [INFO] Scenario Started : title
2026-07-18 00:59:01 [INFO] ======================================
2026-07-18 00:59:03 [INFO] Fill -> #username : sagesyntaxacademy
2026-07-18 00:59:03 [INFO] Fill -> #password : BuildingExcellence@111
2026-07-18 00:59:03 [INFO] Click -> button[type='submit']
2026-07-18 00:59:05 [INFO] Scenario Finished : title
2026-07-18 00:59:05 [INFO] Status : PASSED
2026-07-18 00:59:05 [INFO] Trace Saved
2026-07-18 00:59:06 [INFO] Browser Closed
2026-07-18 00:59:06 [INFO] ======================================
2026-07-18 00:59:06 [INFO] Execution Completed
2026-07-18 00:59:06 [INFO] ======================================
2026-07-18 00:58:56 [INFO] ======================================
2026-07-18 00:58:56 [INFO]  Playwright Enterprise Test Runner
2026-07-18 00:58:56 [INFO] ======================================
2026-07-18 00:58:56 [INFO] Environment : qa
2026-07-18 00:58:56 [INFO] Browser    : chromium
2026-07-18 00:58:56 [INFO] Parallel   : 1
2026-07-18 00:58:56 [INFO] Tag        : @Login
2026-07-18 00:58:56 [INFO] --------------------------------------
2026-07-18 00:58:56 [INFO] Command : npx cucumber-js --tags "@Login" --parallel 1
2026-07-18 00:58:56 [INFO] ======================================
2026-07-18 01:48:47 [INFO] ======================================
2026-07-18 01:48:47 [INFO] Starting Test Execution
2026-07-18 01:48:47 [INFO] Environment : qa
2026-07-18 01:48:47 [INFO] ======================================
2026-07-18 01:48:51 [INFO] Trace Started
2026-07-18 01:48:51 [INFO] ======================================
2026-07-18 01:48:51 [INFO] Scenario Started : title
2026-07-18 01:48:51 [INFO] ======================================
2026-07-18 01:48:52 [INFO] Fill -> #username : sagesyntaxacademy
2026-07-18 01:48:52 [INFO] Fill -> #password : BuildingExcellence@111
2026-07-18 01:48:52 [INFO] Click -> button[type='submit']
2026-07-18 01:48:55 [INFO] Scenario Finished : title
2026-07-18 01:48:55 [INFO] Status : PASSED
2026-07-18 01:48:55 [INFO] Trace Saved
2026-07-18 01:48:55 [INFO] Browser Closed
2026-07-18 01:48:55 [INFO] ======================================
2026-07-18 01:48:55 [INFO] Execution Completed
2026-07-18 01:48:55 [INFO] ======================================
2026-07-18 01:48:42 [INFO] ======================================
2026-07-18 01:48:42 [INFO]  Playwright Enterprise Test Runner
2026-07-18 01:48:42 [INFO] ======================================
2026-07-18 01:48:42 [INFO] Environment : qa
2026-07-18 01:48:42 [INFO] Browser    : chromium
2026-07-18 01:48:42 [INFO] Parallel   : 1
2026-07-18 01:48:42 [INFO] Tag        : @Login
2026-07-18 01:48:42 [INFO] --------------------------------------
2026-07-18 01:48:42 [INFO] Command : npx cucumber-js --tags "@Login" --parallel 1
2026-07-18 01:48:42 [INFO] ======================================
2026-07-18 23:23:14 [INFO] ======================================
2026-07-18 23:23:14 [INFO] ======================================
2026-07-18 23:23:14 [INFO] ======================================
2026-07-18 23:23:14 [INFO] Starting Test Execution
2026-07-18 23:23:14 [INFO] Environment : qa
2026-07-18 23:23:14 [INFO] ======================================
2026-07-18 23:23:14 [INFO] Starting Test Execution
2026-07-18 23:23:14 [INFO] Environment : qa
2026-07-18 23:23:14 [INFO] ======================================
2026-07-18 23:23:14 [INFO] Starting Test Execution
2026-07-18 23:23:14 [INFO] Environment : qa
2026-07-18 23:23:14 [INFO] ======================================
2026-07-18 23:23:14 [INFO] ======================================
2026-07-18 23:23:14 [INFO] Starting Test Execution
2026-07-18 23:23:14 [INFO] Environment : qa
2026-07-18 23:23:14 [INFO] ======================================
2026-07-18 23:23:20 [INFO] Scenario Finished : title
2026-07-18 23:23:20 [INFO] Status : FAILED
2026-07-18 23:23:20 [INFO] ======================================
2026-07-18 23:23:20 [INFO] ======================================
2026-07-18 23:23:20 [INFO] ======================================
2026-07-18 23:23:20 [INFO] ======================================
2026-07-18 23:23:20 [INFO] Execution Completed
2026-07-18 23:23:20 [INFO] Execution Completed
2026-07-18 23:23:20 [INFO] ======================================
2026-07-18 23:23:20 [INFO] ======================================
2026-07-18 23:23:20 [INFO] Execution Completed
2026-07-18 23:23:20 [INFO] ======================================
2026-07-18 23:23:20 [INFO] Execution Completed
2026-07-18 23:23:20 [INFO] ======================================
2026-07-18 23:25:28 [INFO] ======================================
2026-07-18 23:25:28 [INFO] ======================================
2026-07-18 23:25:28 [INFO] ======================================
2026-07-18 23:25:28 [INFO] Starting Test Execution
2026-07-18 23:25:28 [INFO] Environment : qa
2026-07-18 23:25:28 [INFO] ======================================
2026-07-18 23:25:28 [INFO] Starting Test Execution
2026-07-18 23:25:28 [INFO] Environment : qa
2026-07-18 23:25:28 [INFO] ======================================
2026-07-18 23:25:28 [INFO] Starting Test Execution
2026-07-18 23:25:28 [INFO] Environment : qa
2026-07-18 23:25:28 [INFO] ======================================
2026-07-18 23:25:28 [INFO] ======================================
2026-07-18 23:25:28 [INFO] Starting Test Execution
2026-07-18 23:25:28 [INFO] Environment : qa
2026-07-18 23:25:28 [INFO] ======================================
2026-07-18 23:25:29 [INFO] Trace Started
2026-07-18 23:25:29 [INFO] ======================================
2026-07-18 23:25:29 [INFO] Scenario Started : title
2026-07-18 23:25:29 [INFO] ======================================
2026-07-18 23:25:31 [INFO] Fill -> #username : sagesyntaxacademy
2026-07-18 23:25:32 [INFO] Fill -> #password : BuildingExcellence@111
2026-07-18 23:25:32 [INFO] Click -> button[type='submit']
2026-07-18 23:25:34 [INFO] Scenario Finished : title
2026-07-18 23:25:34 [INFO] Status : PASSED
2026-07-18 23:25:35 [INFO] Trace Saved
2026-07-18 23:25:35 [INFO] Browser Closed
2026-07-18 23:25:35 [INFO] ======================================
2026-07-18 23:25:35 [INFO] ======================================
2026-07-18 23:25:35 [INFO] ======================================
2026-07-18 23:25:35 [INFO] Execution Completed
2026-07-18 23:25:35 [INFO] ======================================
2026-07-18 23:25:35 [INFO] ======================================
2026-07-18 23:25:35 [INFO] Execution Completed
2026-07-18 23:25:35 [INFO] ======================================
2026-07-18 23:25:35 [INFO] Execution Completed
2026-07-18 23:25:35 [INFO] ======================================
2026-07-18 23:25:35 [INFO] Execution Completed
2026-07-18 23:25:35 [INFO] ======================================
2026-07-18 23:25:24 [INFO] ======================================
2026-07-18 23:25:24 [INFO]  Playwright Enterprise Test Runner
2026-07-18 23:25:24 [INFO] ======================================
2026-07-18 23:25:24 [INFO] Environment : qa
2026-07-18 23:25:24 [INFO] Browser    : chromium
2026-07-18 23:25:24 [INFO] Parallel   : 4
2026-07-18 23:25:24 [INFO] Tag        : @Login
2026-07-18 23:25:24 [INFO] --------------------------------------
2026-07-18 23:25:24 [INFO] Command : npx cucumber-js --tags "@Login" --parallel 4
2026-07-18 23:25:24 [INFO] ======================================
2026-07-18 23:27:08 [INFO] ======================================
2026-07-18 23:27:08 [INFO] Starting Test Execution
2026-07-18 23:27:08 [INFO] Environment : qa
2026-07-18 23:27:08 [INFO] ======================================
2026-07-18 23:27:09 [INFO] Trace Started
2026-07-18 23:27:09 [INFO] ======================================
2026-07-18 23:27:09 [INFO] Scenario Started : title
2026-07-18 23:27:09 [INFO] ======================================
2026-07-18 23:27:11 [INFO] Fill -> #username : sagesyntaxacademy
2026-07-18 23:27:11 [INFO] Fill -> #password : BuildingExcellence@111
2026-07-18 23:27:11 [INFO] Click -> button[type='submit']
2026-07-18 23:27:14 [INFO] Scenario Finished : title
2026-07-18 23:27:14 [INFO] Status : PASSED
2026-07-18 23:27:14 [INFO] Trace Saved
2026-07-18 23:27:15 [INFO] Browser Closed
2026-07-18 23:27:15 [INFO] ======================================
2026-07-18 23:27:15 [INFO] Execution Completed
2026-07-18 23:27:15 [INFO] ======================================
2026-07-18 23:27:05 [INFO] ======================================
2026-07-18 23:27:05 [INFO]  Playwright Enterprise Test Runner
2026-07-18 23:27:05 [INFO] ======================================
2026-07-18 23:27:05 [INFO] Environment : qa
2026-07-18 23:27:05 [INFO] Browser    : chromium
2026-07-18 23:27:05 [INFO] Parallel   : 1
2026-07-18 23:27:05 [INFO] Tag        : @Login
2026-07-18 23:27:05 [INFO] --------------------------------------
2026-07-18 23:27:05 [INFO] Command : npx cucumber-js --tags "@Login" --parallel 1
2026-07-18 23:27:05 [INFO] ======================================
